../model/runtime/src/runtime/crt/graph_executor_module/graph_executor_module.c:41:9:TVMGraphExecutorModule_Create	40	static
../model/runtime/src/runtime/crt/graph_executor_module/graph_executor_module.c:80:9:TVMGraphExecutorModule_GetInput	40	static
../model/runtime/src/runtime/crt/graph_executor_module/graph_executor_module.c:108:9:TVMGraphExecutorModule_GetInputIndex	40	static
../model/runtime/src/runtime/crt/graph_executor_module/graph_executor_module.c:122:9:TVMGraphExecutorModule_GetNumInputs	32	static
../model/runtime/src/runtime/crt/graph_executor_module/graph_executor_module.c:134:9:TVMGraphExecutorModule_GetNumOutputs	32	static
../model/runtime/src/runtime/crt/graph_executor_module/graph_executor_module.c:146:9:TVMGraphExecutorModule_GetOutput	48	static
../model/runtime/src/runtime/crt/graph_executor_module/graph_executor_module.c:175:9:TVMGraphExecutorModule_LoadParams	32	static
../model/runtime/src/runtime/crt/graph_executor_module/graph_executor_module.c:192:9:TVMGraphExecutorModule_Run	24	static
../model/runtime/src/runtime/crt/graph_executor_module/graph_executor_module.c:204:9:TVMGraphExecutorModule_SetInput	24	static
../model/runtime/src/runtime/crt/graph_executor_module/graph_executor_module.c:221:9:TVMGraphExecutorModule_NotImplemented	24	static
../model/runtime/src/runtime/crt/graph_executor_module/graph_executor_module.c:253:17:TVMGraphExecutorModule_Register	8	static
