../model/runtime/src/runtime/crt/graph_executor/graph_executor.c:40:10:Shape_Accumulate	40	static
../model/runtime/src/runtime/crt/graph_executor/graph_executor.c:52:5:NodeEntry_Load	24	static
../model/runtime/src/runtime/crt/graph_executor/graph_executor.c:77:6:TVMGraphExecutorNode_LoadAttrs	176	static
../model/runtime/src/runtime/crt/graph_executor/graph_executor.c:114:5:TVMGraphExecutorNode_Load	200	static
../model/runtime/src/runtime/crt/graph_executor/graph_executor.c:206:22:TVMGraphExecutorNodeCreate	384	static
../model/runtime/src/runtime/crt/graph_executor/graph_executor.c:214:5:TVMGraphExecutorNodeRelease	32	static
../model/runtime/src/runtime/crt/graph_executor/graph_executor.c:230:5:TVMGraphExecutorGraphAttr_Load	168	static
../model/runtime/src/runtime/crt/graph_executor/graph_executor.c:526:5:TVMGraphExecutorGraphAttr_Release	80	static
../model/runtime/src/runtime/crt/graph_executor/graph_executor.c:574:5:TVMGraphExecutor_Load	128	static
../model/runtime/src/runtime/crt/graph_executor/graph_executor.c:726:10:TVMGraphExecutor_GetEntryId	24	static
../model/runtime/src/runtime/crt/graph_executor/graph_executor.c:735:5:TVMGraphExecutor_GetNumInputs	16	static
../model/runtime/src/runtime/crt/graph_executor/graph_executor.c:745:5:TVMGraphExecutor_GetInputIndex	40	static
../model/runtime/src/runtime/crt/graph_executor/graph_executor.c:765:6:TVMGraphExecutor_SetInput	32	static
../model/runtime/src/runtime/crt/graph_executor/graph_executor.c:781:5:TVMGraphExecutor_LoadParams	136	static
../model/runtime/src/runtime/crt/graph_executor/graph_executor.c:881:6:TVMGraphExecutor_Run	24	static
../model/runtime/src/runtime/crt/graph_executor/graph_executor.c:899:5:TVMGraphExecutor_GetNumOutputs	16	static
../model/runtime/src/runtime/crt/graph_executor/graph_executor.c:901:5:TVMGraphExecutor_GetOutput	72	static
../model/runtime/src/runtime/crt/graph_executor/graph_executor.c:918:5:TVMGraphExecutor_SetupStorage	784	static
../model/runtime/src/runtime/crt/graph_executor/graph_executor.c:1054:5:TVMGraphExecutor_SetupOpExecs	584	static
../model/runtime/src/runtime/crt/graph_executor/graph_executor.c:1117:9:TVMGraphExecutor_CreateTVMOp	816	static
../model/runtime/src/runtime/crt/graph_executor/graph_executor.c:1164:5:TVMGraphExecutor_Init	104	static
../model/runtime/src/runtime/crt/graph_executor/graph_executor.c:1190:5:TVMGraphExecutor_Create	40	static
../model/runtime/src/runtime/crt/graph_executor/graph_executor.c:1204:5:TVMGraphExecutor_Release	40	static
