../model/runtime/src/runtime/crt/graph_executor/load_json.c:40:6:JSONNodeEntryLoad	16	static
../model/runtime/src/runtime/crt/graph_executor/load_json.c:62:6:SeqPush	16	static
../model/runtime/src/runtime/crt/graph_executor/load_json.c:70:11:SeqBack	16	static
../model/runtime/src/runtime/crt/graph_executor/load_json.c:77:6:SeqPop	16	static
../model/runtime/src/runtime/crt/graph_executor/load_json.c:87:17:SeqCreate	40	static
../model/runtime/src/runtime/crt/graph_executor/load_json.c:106:17:SeqRelease	32	static
../model/runtime/src/runtime/crt/graph_executor/load_json.c:121:6:JSONReader_NextChar	24	static
../model/runtime/src/runtime/crt/graph_executor/load_json.c:131:6:JSONReader_PeekNextChar	16	static
../model/runtime/src/runtime/crt/graph_executor/load_json.c:137:6:JSONReader_NextNonSpace	24	static
../model/runtime/src/runtime/crt/graph_executor/load_json.c:155:6:JSONReader_PeekNextNonSpace	24	static
../model/runtime/src/runtime/crt/graph_executor/load_json.c:178:5:JSONReader_ReadString	40	static
../model/runtime/src/runtime/crt/graph_executor/load_json.c:231:5:JSONReader_ReadUnsignedInteger	32	static
../model/runtime/src/runtime/crt/graph_executor/load_json.c:241:5:JSONReader_ReadInteger	48	static
../model/runtime/src/runtime/crt/graph_executor/load_json.c:264:6:JSONReader_BeginObject	24	static
../model/runtime/src/runtime/crt/graph_executor/load_json.c:281:9:JSONReader_NextObjectItem	48	static
../model/runtime/src/runtime/crt/graph_executor/load_json.c:333:6:JSONReader_BeginArray	24	static
../model/runtime/src/runtime/crt/graph_executor/load_json.c:348:9:JSONReader_NextArrayItem	32	static
../model/runtime/src/runtime/crt/graph_executor/load_json.c:384:5:JSONReader_ArrayLength	64	static
../model/runtime/src/runtime/crt/graph_executor/load_json.c:456:17:JSONReader_Create	40	static
../model/runtime/src/runtime/crt/graph_executor/load_json.c:487:17:JSONReader_Release	32	static
