../model/runtime/src/runtime/crt/common/crt_runtime_api.c:47:6:TVMAPISetLastError	16	static
../model/runtime/src/runtime/crt/common/crt_runtime_api.c:52:43:TVMAPIErrorf	16	static
../model/runtime/src/runtime/crt/common/crt_runtime_api.c:63:13:TVMGetLastError	4	static
../model/runtime/src/runtime/crt/common/crt_runtime_api.c:67:5:TVMArrayAlloc	104	static
../model/runtime/src/runtime/crt/common/crt_runtime_api.c:85:5:TVMArrayFree	24	static
../model/runtime/src/runtime/crt/common/crt_runtime_api.c:91:5:TVMDeviceAllocDataSpace	32	static
../model/runtime/src/runtime/crt/common/crt_runtime_api.c:99:5:TVMDeviceAllocDataSpaceWithScope	56	static
../model/runtime/src/runtime/crt/common/crt_runtime_api.c:113:5:TVMDeviceFreeDataSpace	24	static
../model/runtime/src/runtime/crt/common/crt_runtime_api.c:115:34:IsContiguous	40	static
../model/runtime/src/runtime/crt/common/crt_runtime_api.c:126:5:TVMDeviceCopyDataFromTo	32	static
../model/runtime/src/runtime/crt/common/crt_runtime_api.c:137:5:TVMStreamCreate	24	static
../model/runtime/src/runtime/crt/common/crt_runtime_api.c:142:5:TVMStreamFree	24	static
../model/runtime/src/runtime/crt/common/crt_runtime_api.c:144:5:TVMSetStream	24	static
../model/runtime/src/runtime/crt/common/crt_runtime_api.c:146:5:TVMSynchronize	24	static
../model/runtime/src/runtime/crt/common/crt_runtime_api.c:150:5:TVMFuncRegisterGlobal	24	static
../model/runtime/src/runtime/crt/common/crt_runtime_api.c:162:12:DecodeModuleHandle	24	static
../model/runtime/src/runtime/crt/common/crt_runtime_api.c:175:24:EncodeModuleHandle	16	static
../model/runtime/src/runtime/crt/common/crt_runtime_api.c:179:5:TVMModCreateFromCModule	24	static
../model/runtime/src/runtime/crt/common/crt_runtime_api.c:197:5:TVMModFree	24	static
../model/runtime/src/runtime/crt/common/crt_runtime_api.c:212:12:SystemLibraryCreate	32	static
../model/runtime/src/runtime/crt/common/crt_runtime_api.c:229:26:EncodeFunctionHandle	16	static
../model/runtime/src/runtime/crt/common/crt_runtime_api.c:236:12:DecodeFunctionHandle	32	static
../model/runtime/src/runtime/crt/common/crt_runtime_api.c:259:5:TVMByteArrayFree	32	static
../model/runtime/src/runtime/crt/common/crt_runtime_api.c:273:5:TVMFuncCall	56	static
../model/runtime/src/runtime/crt/common/crt_runtime_api.c:306:24:FindFunctionOrSetAPIError	32	static
../model/runtime/src/runtime/crt/common/crt_runtime_api.c:319:5:TVMFuncGetGlobal	24	static
../model/runtime/src/runtime/crt/common/crt_runtime_api.c:330:5:TVMModGetFunction	32	static
../model/runtime/src/runtime/crt/common/crt_runtime_api.c:341:5:ModuleGetFunction	40	static
../model/runtime/src/runtime/crt/common/crt_runtime_api.c:379:5:TVMCFuncSetReturn	32	static
../model/runtime/src/runtime/crt/common/crt_runtime_api.c:392:5:TVMFuncFree	16	static
../model/runtime/src/runtime/crt/common/crt_runtime_api.c:401:5:RPCGetCRTMaxPacketSize	24	static
../model/runtime/src/runtime/crt/common/crt_runtime_api.c:411:12:RandomFill	88	static
../model/runtime/src/runtime/crt/common/crt_runtime_api.c:426:17:TVMInitializeRuntime	32	static
../model/runtime/src/runtime/crt/common/crt_runtime_api.c:488:5:RPCTimeEvaluator	40	static
../model/runtime/src/runtime/crt/common/crt_runtime_api.c:528:17:RunTimeEvaluator	152	static
../model/runtime/src/runtime/crt/common/crt_runtime_api.c:635:26:TVMPlatformGenerateRandom	16	static
../model/runtime/src/runtime/crt/common/crt_runtime_api.c:640:26:TVMPlatformBeforeMeasurement	4	static
../model/runtime/src/runtime/crt/common/crt_runtime_api.c:643:26:TVMPlatformAfterMeasurement	4	static
